Last login: Sat Aug 27 20:44:15 on ttys000
CsAir:~ Umbrella$ cd desktop/coding
CsAir:coding Umbrella$ git clone https://github.com/Rose-de-Juin/git_demo.git
Cloning into 'git_demo'...
remote: Counting objects: 3, done.
remote: Total 3 (delta 0), reused 0 (delta 0), pack-reused 3
Unpacking objects: 100% (3/3), done.
Checking connectivity... done.
CsAir:coding Umbrella$ ls
Algorithms_August	bm			git_demo
basic_repo		contact-cards		glowing-guide
CsAir:coding Umbrella$ cd git_demo
CsAir:git_demo Umbrella$ git status
On branch master
Your branch is up-to-date with 'origin/master'.
Changes not staged for commit:
  (use "git add <file>..." to update what will be committed)
  (use "git checkout -- <file>..." to discard changes in working directory)

	modified:   demo_index.html

no changes added to commit (use "git add" and/or "git commit -a")
CsAir:git_demo Umbrella$ git add .
CsAir:git_demo Umbrella$ git commit -m "Rebecca's Update"
[master 54afc60] Rebecca's Update
 1 file changed, 10 insertions(+), 8 deletions(-)
CsAir:git_demo Umbrella$ git push -u origin
warning: push.default is unset; its implicit value has changed in
Git 2.0 from 'matching' to 'simple'. To squelch this message
and maintain the traditional behavior, use:

  git config --global push.default matching

To squelch this message and adopt the new behavior now, use:

  git config --global push.default simple

When push.default is set to 'matching', git will push local branches
to the remote branches that already exist with the same name.

Since Git 2.0, Git defaults to the more conservative 'simple'
behavior, which only pushes the current branch to the corresponding
remote branch that 'git pull' uses to update the current branch.

See 'git help config' and search for 'push.default' for further information.
(the 'simple' mode was introduced in Git 1.7.11. Use the similar mode
'current' instead of 'simple' if you sometimes use older versions of Git)

Username for 'https://github.com': Rose-de-Juin
Password for 'https://Rose-de-Juin@github.com': 
Counting objects: 3, done.
Delta compression using up to 4 threads.
Compressing objects: 100% (2/2), done.
Writing objects: 100% (3/3), 429 bytes | 0 bytes/s, done.
Total 3 (delta 1), reused 0 (delta 0)
remote: Resolving deltas: 100% (1/1), completed with 1 local objects.
To https://github.com/Rose-de-Juin/git_demo.git
   199a72c..54afc60  master -> master
Branch master set up to track remote branch master from origin.
CsAir:git_demo Umbrella$ touch steps.txt
CsAir:git_demo Umbrella$ 
